// Jest Snapshot v1, https://goo.gl/fbAQLP

exports[`Title Renders Title component 1`] = `ShallowWrapper {}`;
